account-reconciliation	OK	
account-recovery	OK	
accounts-receivable	OK	
ach-operations	OK	
advanced-voice-services-management	OK	
advanced-voice-services-operations	OK	
advertising	OK	
archive-services	OK	
asset-and-liability-management	OK	
asset-securitization	OK	
atm-network-operations	OK	
bank-drafts	OK	
bank-guarantee	OK	
branch-currency-distribution	OK	
branch-currency-management	OK	
branch-location-management	OK	
branch-location-operations	OK	
brand-management	OK	
brokered-product-proxy	OK	
business-development	OK	
business-unit-management	OK	
card-authorization	OK	
card-case	OK	
card-clearing	OK	
card-collections	OK	
card-ecommerce-gateway	OK	
card-financial-settlement	OK	
card-network-participant-facility	OK	
card-terminal-administration	OK	
card-terminal-operation	OK	
card-transaction-capture	OK	
card-transaction-switch	OK	
card-transaction-tracking	OK	
case-root-cause-analysis	OK	
cash-concentration	OK	
cash-management-and-account-services	OK	
central-cash-handling	OK	
channel-activity-analysis	OK	
channel-activity-history	OK	
cheque-lock-box	OK	
cheque-processing	OK	
claim-administration	OK	
claim-assessment	OK	
collateral-allocation-management	OK	
collateral-asset-administration	OK	
collections	OK	
commission-agreement	OK	
commissions	OK	
competitor-analysis	OK	
compliance-reporting	OK	
consumer-advisory-services	OK	
consumer-investments	OK	
consumer-loan	OK	
contact-center-management	OK	
contact-center-operations	OK	
contact-handler	OK	
contact-routing	OK	
contractor-and-supplier-agreement	OK	
corporate-action	OK	
corporate-card-service	FAILED	empty placeholder on bian.org (SVG canvas has no content; static PNG fallback is a blank 10x10 stub) - source view appears unavailable, not a timing/rate-limit issue
corporate-current-account	OK	
corporate-finance	OK	
corporate-lease	OK	
corporate-loan	OK	
corporate-payroll-services	OK	
corporate-tax-advisory	OK	
corporate-treasury	OK	
corporate-trust-services	OK	
correspondence	OK	
correspondent-bank-directory	OK	
correspondent-bank-operations	OK	
correspondent-bank-relationship-management	OK	
counterparty-administration	OK	
credit-card	OK	
credit-facility	OK	
credit-management	OK	
credit-risk-models	OK	
credit-risk-operations	OK	
currency-exchange	OK	
current-account	OK	
custody-administration	OK	
customer-access-entitlement	OK	
customer-agreement	OK	
customer-behavior-insights	OK	
customer-behavior-models	OK	
customer-billing	OK	
customer-campaign-design	OK	
customer-campaign-execution	OK	
customer-campaign-management	OK	
customer-case-management	OK	
customer-case	OK	
customer-consent	FAILED	empty placeholder on bian.org (SVG canvas has no content; static PNG fallback is a blank 10x10 stub) - source view appears unavailable, not a timing/rate-limit issue
customer-credit-rating	OK	
customer-event-history	OK	
customer-financial-insights	OK	
customer-offer	OK	
customer-portfolio	OK	
customer-position	OK	
customer-product-and-service-directory	OK	
customer-product-and-service-eligibility	OK	
customer-proposition	OK	
customer-relationship-management	OK	
customer-surveys	OK	
customer-tax-handling	OK	
customer-workbench	OK	
dealer-desk	OK	
delinquent-account-handling	OK	
direct-debit-collection	FAILED	empty placeholder on bian.org (SVG canvas has no content; static PNG fallback is a blank 10x10 stub) - source view appears unavailable, not a timing/rate-limit issue
direct-debit-mandate	OK	
direct-debit	OK	
direct-debits-service	FAILED	empty placeholder on bian.org (SVG canvas has no content; static PNG fallback is a blank 10x10 stub) - source view appears unavailable, not a timing/rate-limit issue
disbursement	OK	
discount-pricing	OK	
document-directory	OK	
document-services	OK	
ebranch-management	OK	
ebranch-operations	OK	
ecm-and-dcm	OK	
enterprise-architecture	OK	
etrading-workbench	OK	
factoring	OK	
fiduciary-agreement	OK	
financial-accounting	OK	
financial-gateway	OK	
financial-instrument-reference-data-management	OK	
financial-instrument-valuation	OK	
financial-market-analysis	OK	
financial-market-research	OK	
financial-statement-assessment	OK	
fraud-diagnosis	OK	
fraud-evaluation	OK	
fraud-model	OK	
fraud-resolution	OK	
funeral-policy	OK	
guideline-compliance	OK	
hedge-fund-administration	OK	
incentive-account	OK	
incentive-program-directory	FAILED	empty placeholder on bian.org (SVG canvas has no content; static PNG fallback is a blank 10x10 stub) - source view appears unavailable, not a timing/rate-limit issue
information-provider-operation	OK	
intellectual-property-portfolio	OK	
interactive-help	OK	
interbank-relationship-management	OK	
internal-audit	OK	
internal-bank-account	OK	
investment-account	OK	
investment-portfolio-analysis	OK	
investment-portfolio-management	OK	
investment-portfolio-planning	OK	
issued-certificate-directory	FAILED	empty placeholder on bian.org (SVG canvas has no content; static PNG fallback is a blank 10x10 stub) - source view appears unavailable, not a timing/rate-limit issue
issued-device-administration	OK	
issued-device-tracking	OK	
it-standards-and-guidelines	OK	
knowledge-exchange	OK	
lead-and-opportunity-management	OK	
leasing-item-administration	OK	
leasing	OK	
legal-advisory	OK	
legal-compliance	OK	
legal-entity-directory	OK	
letter-of-credit	OK	
loan-syndication	OK	
loan	OK	
location-data-management	OK	
management-manual	OK	
market-analysis	OK	
market-data-switch-operation	OK	
market-information-management	OK	
market-making	OK	
market-order-execution	OK	
market-order	OK	
market-research	OK	
merchandising-loan	OK	
merchant-acquiring-facility	OK	
merchant-relations	OK	
mergers-and-acquisitions-advisory	OK	
mortgage-loan	OK	
mutual-fund-administration	OK	
notional-pooling	OK	
open-item-management	OK	
operational-gateway	OK	
operations-log	FAILED	empty placeholder on bian.org (SVG canvas has no content; static PNG fallback is a blank 10x10 stub) - source view appears unavailable, not a timing/rate-limit issue
order-allocation	OK	
partner-administration	FAILED	empty placeholder on bian.org (SVG canvas has no content; static PNG fallback is a blank 10x10 stub) - source view appears unavailable, not a timing/rate-limit issue
partner-agreement	OK	
partner-management	FAILED	empty placeholder on bian.org (SVG canvas has no content; static PNG fallback is a blank 10x10 stub) - source view appears unavailable, not a timing/rate-limit issue
party-asset-directory	OK	
party-authentication	OK	
party-lifecycle-management	OK	
party-reference-data-directory	OK	
party-routing-profile	OK	
payee-management	FAILED	empty placeholder on bian.org (SVG canvas has no content; static PNG fallback is a blank 10x10 stub) - source view appears unavailable, not a timing/rate-limit issue
payment-confirmation	FAILED	empty placeholder on bian.org (SVG canvas has no content; static PNG fallback is a blank 10x10 stub) - source view appears unavailable, not a timing/rate-limit issue
payment-execution	OK	
payment-instruction	OK	
payment-orchestration	FAILED	empty placeholder on bian.org (SVG canvas has no content; static PNG fallback is a blank 10x10 stub) - source view appears unavailable, not a timing/rate-limit issue
payment-order-initiation	OK	
payment-order	OK	
payment-rail	OK	
payment-settlement	FAILED	empty placeholder on bian.org (SVG canvas has no content; static PNG fallback is a blank 10x10 stub) - source view appears unavailable, not a timing/rate-limit issue
point-of-service	OK	
position-keeping	OK	
position-management	OK	
private-placement	OK	
processing-order	OK	
product-combination	OK	
product-deployment	OK	
product-design	OK	
product-directory	OK	
product-expert-sales-support	OK	
product-inventory-distribution	OK	
product-inventory-item-management	OK	
product-matching	OK	
product-portfolio	OK	
product-quality-assurance	OK	
product-sales-support	OK	
product-service-agency	OK	
product-training	OK	
production-release	OK	
program-trading	OK	
project-finance	OK	
promotional-events	OK	
prospect-campaign-design	OK	
prospect-campaign-execution	OK	
prospect-campaign-management	OK	
public-offering	OK	
public-reference-data-management	OK	
quote-management	OK	
regulatory-and-legal-authority	OK	
regulatory-compliance	OK	
regulatory-reporting	OK	
reward-points-account	OK	
reward-points-awards-and-redemption	OK	
rewards-delivery	FAILED	empty placeholder on bian.org (SVG canvas has no content; static PNG fallback is a blank 10x10 stub) - source view appears unavailable, not a timing/rate-limit issue
rewards-inventory	FAILED	empty placeholder on bian.org (SVG canvas has no content; static PNG fallback is a blank 10x10 stub) - source view appears unavailable, not a timing/rate-limit issue
rewards-menu	FAILED	empty placeholder on bian.org (SVG canvas has no content; static PNG fallback is a blank 10x10 stub) - source view appears unavailable, not a timing/rate-limit issue
sales-product-agreement	OK	
sales-product	OK	
savings-account	OK	
securities-fails-processing	OK	
securities-position-keeping	OK	
segment-direction	OK	
service-directory	OK	
service-provider-operations	OK	
servicing-activity-analysis	OK	
servicing-event-history	OK	
servicing-issue	OK	
servicing-mandate	OK	
servicing-order	OK	
session-dialogue	OK	
special-pricing-conditions	OK	
standing-order	OK	
stock-lending-and-repos	OK	
sub-custodian-agreement	OK	
suitability-checking	OK	
syndicate-management	OK	
syndicated-loan	OK	
system-development	OK	
systems-administration	OK	
term-deposit-framework-agreement	OK	
term-deposit	OK	
trade-and-price-reporting	OK	
trade-clearing	OK	
trade-confirmation-matching	OK	
trade-settlement	OK	
trader-position-operations	OK	
trading-book-oversight	OK	
transaction-authorization	OK	
transaction-engine	OK	
trust-services	OK	
underwriting	OK	
unit-trust-administration	OK	
virtual-account	OK	
